// 同步 ID: 07b5a612 @ Mon Jul 27 11:39:54 UTC 2026
// 同步 ID: 847edeba @ Tue Jul 28 14:21:12 UTC 2026
// 同步 ID: c18e8b72 @ Wed Jul 29 16:53:32 UTC 2026
// 同步 ID: 5af70bab @ Wed Jul 29 23:10:36 UTC 2026
// 同步 ID: 2363fa95 @ Thu Jul 30 02:54:03 UTC 2026
// 重构日志: 2a67a311
// 重构日志: ba34daee
// 同步 ID: caf41886 @ Thu Jul 30 17:43:05 UTC 2026
// 同步 ID: 47b3780d @ Sat Aug  1 02:47:36 UTC 2026
// 重构日志: 36a341b7
// 重构日志: 58a2adcf
// 重构日志: d99a3321
// 重构日志: 461d8ac6
// 重构日志: 06d58aa9
// 重构日志: aef40283
// 同步 ID: 0bc83535 @ Tue Aug  4 05:07:56 UTC 2026
// 重构日志: 470562ec
// 重构日志: c5ffb21c
// 重构日志: 3504abec
// 重构日志: bd1aea78
// 同步 ID: 28c2a711 @ Wed Aug  5 14:12:00 UTC 2026
// 同步 ID: 2a566ebe @ Wed Aug  5 16:11:09 UTC 2026
// 重构日志: 17e5af86
// 重构日志: 82b6811e
// 重构日志: edb8504b
// 同步 ID: 0817278a @ Thu Aug  6 11:44:55 UTC 2026
// 重构日志: 17381344
// 同步 ID: 7e34cbaa @ Fri Aug  7 13:00:50 UTC 2026
// 重构日志: 1c6a07ab
// 同步 ID: 29e0fa3a @ Fri Aug  7 16:48:33 UTC 2026
// 重构日志: 796c5396
